// Jest Snapshot v1, https://goo.gl/fbAQLP

exports[`should render ExpenseList with empty expenses 1`] = `
<div>
  <h2>
    Expense List
  </h2>
  <p>
    No Expense Here..
  </p>
</div>
`;

exports[`should render ExpenseList with expenses 1`] = `
<div>
  <h2>
    Expense List
  </h2>
  <Connect(ExpenseListItem)
    amount={195}
    createdAt={0}
    description="Gum"
    id="1"
    key="1"
    note=""
  />
  <Connect(ExpenseListItem)
    amount={1123123}
    createdAt={-345600000}
    description="Rent"
    id="2"
    key="2"
    note=""
  />
  <Connect(ExpenseListItem)
    amount={4500}
    createdAt={345600000}
    description="Credit Card"
    id="3"
    key="3"
    note=""
  />
</div>
`;
